rtk : [rtk] /!\ No hook installed ΓÇö run `rtk init -g` for automatic token savings
At line:1 char:366
+ ... t-Object -First 5; echo "---BUILD---"; rtk npm run build 2>&1 | Out-F ...
+                                            ~~~~~~~~~~~~~~~~~~~~~~
    + CategoryInfo          : NotSpecified: ([rtk] /!\ No ho...c token savings:String) [], RemoteException
    + FullyQualifiedErrorId : NativeCommandError
 
> tsc -b && vite build
[36mvite v8.2.1 [32mbuilding client environment for production...[36m[39m
[2K
transforming...Γ£ô 2609 modules transformed.
rendering chunks...
computing gzip size...
dist/index.html                                                       0.69 kB Γöé gzip:   0.41 kB
dist/assets/inter-vietnamese-400-normal-DMkecbls.woff2                4.97 kB
dist/assets/inter-vietnamese-600-normal-Cc8MFFhd.woff2                5.10 kB
dist/assets/inter-vietnamese-500-normal-DOriooB6.woff2                5.11 kB
dist/assets/inter-greek-ext-400-normal-DGGRlc-M.woff2                 5.26 kB
dist/assets/inter-greek-ext-500-normal-C4iEst2y.woff2                 5.42 kB
dist/assets/inter-greek-ext-600-normal-DRtmH8MT.woff2                 5.43 kB
dist/assets/ibm-plex-mono-vietnamese-500-normal-C8zxqsMH.woff         5.61 kB
dist/assets/ibm-plex-mono-vietnamese-400-normal-DDuiU_S-.woff         5.62 kB
dist/assets/ibm-plex-mono-cyrillic-ext-500-normal-BIfNGwUT.woff       5.77 kB
dist/assets/ibm-plex-mono-cyrillic-ext-400-normal-DMdlQ8Kv.woff       5.82 kB
dist/assets/ibm-plex-mono-vietnamese-400-normal-BulugwFq.woff2        5.86 kB
dist/assets/ibm-plex-mono-vietnamese-500-normal-DZ4AoWbu.woff2        6.04 kB
dist/assets/fraunces-vietnamese-400-normal-CvGt0Ybw.woff2             6.20 kB
dist/assets/fraunces-vietnamese-600-normal-BjlAJixd.woff2             6.28 kB
dist/assets/inter-vietnamese-400-normal-Bbgyi5SW.woff                 6.50 kB
dist/assets/inter-vietnamese-500-normal-mJboJaSs.woff                 6.59 kB
dist/assets/inter-vietnamese-600-normal-BuLX-rYi.woff                 6.64 kB
dist/assets/ibm-plex-mono-cyrillic-ext-400-normal-xuaO2J-f.woff2      6.91 kB
dist/assets/ibm-plex-mono-cyrillic-ext-500-normal-BqneJy0T.woff2      6.97 kB
dist/assets/inter-greek-ext-400-normal-KugGGMne.woff                  7.06 kB
dist/assets/inter-greek-ext-500-normal-2j5mBUwD.woff                  7.19 kB
dist/assets/ibm-plex-mono-cyrillic-400-normal-CEL4l2ZJ.woff           7.20 kB
dist/assets/ibm-plex-mono-cyrillic-500-normal-Ael50iVv.woff           7.20 kB
dist/assets/inter-greek-ext-600-normal-B8X0CLgF.woff                  7.21 kB
dist/assets/inter-cyrillic-400-normal-obahsSVq.woff2                  7.71 kB
dist/assets/inter-greek-400-normal-B4URO6DV.woff2                     7.77 kB
dist/assets/inter-cyrillic-500-normal-BasfLYem.woff2                  7.90 kB
dist/assets/inter-greek-500-normal-BIZE56-Y.woff2                     7.92 kB
dist/assets/fraunces-vietnamese-600-normal-DlAl5EAR.woff              7.93 kB
dist/assets/inter-greek-600-normal-plRanbMR.woff2                     7.94 kB
dist/assets/inter-cyrillic-600-normal-CWCymEST.woff2                  7.97 kB
dist/assets/fraunces-vietnamese-400-normal-B65MOf9T.woff              7.98 kB
dist/assets/ibm-plex-mono-cyrillic-400-normal-BSMlKf0J.woff2          8.35 kB
dist/assets/ibm-plex-mono-cyrillic-500-normal-Bq9vWWag.woff2          8.46 kB
dist/assets/inter-cyrillic-400-normal-HOLc17fK.woff                   9.78 kB
dist/assets/inter-greek-400-normal-q2sYcFCs.woff                      9.92 kB
dist/assets/inter-cyrillic-600-normal-4D_pXhcN.woff                   9.93 kB
dist/assets/inter-cyrillic-500-normal-CxZf_p3X.woff                   9.94 kB
dist/assets/inter-greek-500-normal-Xzm54t5V.woff                      9.98 kB
dist/assets/inter-greek-600-normal-BZpKdvQh.woff                     10.03 kB
dist/assets/inter-cyrillic-ext-400-normal-BQZuk6qB.woff2             10.23 kB
dist/assets/inter-cyrillic-ext-500-normal-B0yAr1jD.woff2             10.43 kB
dist/assets/inter-cyrillic-ext-600-normal-Dfes3d0z.woff2             10.48 kB
dist/assets/ibm-plex-mono-latin-ext-400-normal-D3D2R8hC.woff         11.76 kB
dist/assets/ibm-plex-mono-latin-ext-500-normal-CZ70TYgx.woff         11.76 kB
dist/assets/ibm-plex-mono-latin-400-normal-CvHOgSBP.woff             13.14 kB
dist/assets/ibm-plex-mono-latin-500-normal-CB9ihrfo.woff             13.15 kB
dist/assets/inter-cyrillic-ext-400-normal-DQukG94-.woff              13.33 kB
dist/assets/ibm-plex-mono-latin-ext-400-normal-BmRBH3aV.woff2        13.34 kB
dist/assets/ibm-plex-mono-latin-ext-500-normal-CAhNIIs5.woff2        13.43 kB
dist/assets/inter-cyrillic-ext-500-normal-BmqWE9Dz.woff              13.45 kB
dist/assets/inter-cyrillic-ext-600-normal-Bcila6Z-.woff              13.46 kB
dist/assets/ibm-plex-mono-latin-400-normal-DMJ8VG8y.woff2            14.70 kB
dist/assets/ibm-plex-mono-latin-500-normal-DSY6xOcd.woff2            14.88 kB
dist/assets/fraunces-latin-ext-400-normal-D8gbi3Gu.woff2             17.28 kB
dist/assets/fraunces-latin-ext-600-normal-BtzmzP0X.woff2             17.33 kB
dist/assets/fraunces-latin-400-normal-6IfK1voy.woff2                 17.96 kB
dist/assets/fraunces-latin-600-normal-BFCDtZfi.woff2                 18.09 kB
dist/assets/fraunces-latin-ext-600-normal-B0Dy4lqi.woff              22.36 kB
dist/assets/fraunces-latin-ext-400-normal-UihxqfOe.woff              22.36 kB
dist/assets/fraunces-latin-400-normal-NUPT2cO8.woff                  22.48 kB
dist/assets/fraunces-latin-600-normal-DL5QCzvS.woff                  22.51 kB
dist/assets/inter-latin-400-normal-C38fXH4l.woff2                    23.66 kB
dist/assets/inter-latin-500-normal-Cerq10X2.woff2                    24.27 kB
dist/assets/inter-latin-600-normal-LgqL8muc.woff2                    24.45 kB
dist/assets/inter-latin-400-normal-CyCys3Eg.woff                     30.69 kB
dist/assets/inter-latin-600-normal-CiBQ2DWP.woff                     31.26 kB
dist/assets/inter-latin-500-normal-BL9OpVg8.woff                     31.28 kB
dist/assets/inter-latin-ext-400-normal-C1nco2VV.woff2                35.00 kB
dist/assets/inter-latin-ext-500-normal-CV4jyFjo.woff2                36.02 kB
dist/assets/inter-latin-ext-600-normal-D2bJ5OIk.woff2                36.26 kB
dist/assets/inter-latin-ext-400-normal-77YHD8bZ.woff                 47.56 kB
dist/assets/inter-latin-ext-500-normal-BxGbmqWO.woff                 48.49 kB
dist/assets/inter-latin-ext-600-normal-CIVaiw4L.woff                 48.66 kB
dist/assets/pdf.worker.min-CLrFZWeq.mjs                           1,312.45 kB
dist/assets/index-5NNtkY7-.css                                       46.86 kB Γöé gzip:   8.68 kB
dist/assets/index-BER9shBP.js                                     1,379.46 kB Γöé gzip: 398.32 kB
[32mΓ£ô built in 4.30s[39m
[33m[plugin builtin:vite-reporter] 
(!) Some chunks are larger than 500 kB after minification. Consider:
- Using dynamic import() to code-split the application
- Use build.rolldownOptions.output.codeSplitting to improve chunking: https://rolldown.rs/reference/OutputOptions.codeSplitting
- Adjust chunk size limit for this warning via build.chunkSizeWarningLimit.[39m
